 Image auth-service-auth-service Building 
#1 [internal] load local bake definitions
#1 reading from stdin 585B done
#1 DONE 0.0s

#2 [internal] load build definition from Dockerfile
#2 transferring dockerfile: 605B 0.1s done
#2 DONE 0.2s

#3 [internal] load metadata for docker.io/library/eclipse-temurin:17-jre-jammy
#3 ...

#4 [auth] library/eclipse-temurin:pull token for registry-1.docker.io
#4 DONE 0.0s

#5 [internal] load metadata for docker.io/library/eclipse-temurin:17-jdk-jammy
#5 ...

#3 [internal] load metadata for docker.io/library/eclipse-temurin:17-jre-jammy
#3 DONE 2.9s

#5 [internal] load metadata for docker.io/library/eclipse-temurin:17-jdk-jammy
#5 DONE 2.9s

#6 [internal] load .dockerignore
#6 transferring context: 2B 0.0s done
#6 DONE 0.1s

#7 [build  1/10] FROM docker.io/library/eclipse-temurin:17-jdk-jammy@sha256:73c73439d25b953b34e0065172ad8ce01bea5bc8fc25158f0eeecb4c06d14fed
#7 DONE 0.0s

#8 [stage-1 1/3] FROM docker.io/library/eclipse-temurin:17-jre-jammy@sha256:03c5b280ad53c041741552f231f5b65d97be39ca74fa4c7c1c9ace7f42cc3c9e
#8 DONE 0.0s

#9 [internal] load build context
#9 transferring context: 16.86MB 5.0s
#9 transferring context: 38.17MB 10.2s
#9 transferring context: 40.27MB 15.5s
#9 transferring context: 61.57MB 20.6s
#9 transferring context: 84.68MB 25.6s
#9 transferring context: 88.33MB 26.5s done
#9 DONE 26.6s

#7 [build  1/10] FROM docker.io/library/eclipse-temurin:17-jdk-jammy@sha256:73c73439d25b953b34e0065172ad8ce01bea5bc8fc25158f0eeecb4c06d14fed
#7 resolve docker.io/library/eclipse-temurin:17-jdk-jammy@sha256:73c73439d25b953b34e0065172ad8ce01bea5bc8fc25158f0eeecb4c06d14fed 0.1s done
#7 DONE 0.1s

#7 [build  1/10] FROM docker.io/library/eclipse-temurin:17-jdk-jammy@sha256:73c73439d25b953b34e0065172ad8ce01bea5bc8fc25158f0eeecb4c06d14fed
#7 sha256:73c73439d25b953b34e0065172ad8ce01bea5bc8fc25158f0eeecb4c06d14fed 6.55kB / 6.55kB done
#7 sha256:696523d6249edd260b88b2cc0dceebc336b3d8b864dcd84ba3772f2006445cad 1.94kB / 1.94kB done
#7 sha256:f18679c7a3fba4cce3be057b5784f9390d123294fd01d33b96c3887231d8e5bc 6.23kB / 6.23kB done
#7 sha256:95f84e430918f56b2a3b21400c38155cc3747e29ae43bf89ec7bd1a2d206b818 0B / 22.11MB 0.2s
#7 sha256:40adfc04002164e831afd68d878fa3bbe3cc04f413d131d3222fbedebb7dda33 0B / 143.68MB 0.4s
#7 sha256:201b23fdceb460806f1b4d37e8e1d0a03126441b8a0d1efe1ad54d2d05fce4d1 0B / 159B 0.4s
#7 sha256:95f84e430918f56b2a3b21400c38155cc3747e29ae43bf89ec7bd1a2d206b818 3.15MB / 22.11MB 0.9s
#7 sha256:95f84e430918f56b2a3b21400c38155cc3747e29ae43bf89ec7bd1a2d206b818 4.34MB / 22.11MB 1.1s
#7 sha256:201b23fdceb460806f1b4d37e8e1d0a03126441b8a0d1efe1ad54d2d05fce4d1 159B / 159B 1.0s done
#7 sha256:95f84e430918f56b2a3b21400c38155cc3747e29ae43bf89ec7bd1a2d206b818 6.29MB / 22.11MB 1.3s
#7 sha256:c7feaec1b5ae6c7e6e38638d964d4991ce35f3a13191880a163bdef3d12c7312 0B / 2.28kB 1.3s
#7 sha256:95f84e430918f56b2a3b21400c38155cc3747e29ae43bf89ec7bd1a2d206b818 8.39MB / 22.11MB 1.8s
#7 sha256:95f84e430918f56b2a3b21400c38155cc3747e29ae43bf89ec7bd1a2d206b818 10.49MB / 22.11MB 2.0s
#7 sha256:95f84e430918f56b2a3b21400c38155cc3747e29ae43bf89ec7bd1a2d206b818 12.58MB / 22.11MB 2.2s
#7 sha256:40adfc04002164e831afd68d878fa3bbe3cc04f413d131d3222fbedebb7dda33 7.34MB / 143.68MB 2.2s
#7 sha256:c7feaec1b5ae6c7e6e38638d964d4991ce35f3a13191880a163bdef3d12c7312 2.28kB / 2.28kB 2.1s
#7 sha256:95f84e430918f56b2a3b21400c38155cc3747e29ae43bf89ec7bd1a2d206b818 20.97MB / 22.11MB 3.0s
#7 sha256:c7feaec1b5ae6c7e6e38638d964d4991ce35f3a13191880a163bdef3d12c7312 2.28kB / 2.28kB 2.2s done
#7 sha256:95f84e430918f56b2a3b21400c38155cc3747e29ae43bf89ec7bd1a2d206b818 22.11MB / 22.11MB 3.1s done
#7 sha256:40adfc04002164e831afd68d878fa3bbe3cc04f413d131d3222fbedebb7dda33 16.78MB / 143.68MB 3.4s
#7 sha256:40adfc04002164e831afd68d878fa3bbe3cc04f413d131d3222fbedebb7dda33 27.26MB / 143.68MB 3.9s
#7 sha256:40adfc04002164e831afd68d878fa3bbe3cc04f413d131d3222fbedebb7dda33 59.85MB / 143.68MB 5.4s
#7 extracting sha256:95f84e430918f56b2a3b21400c38155cc3747e29ae43bf89ec7bd1a2d206b818
#7 sha256:40adfc04002164e831afd68d878fa3bbe3cc04f413d131d3222fbedebb7dda33 69.21MB / 143.68MB 5.8s
#7 sha256:40adfc04002164e831afd68d878fa3bbe3cc04f413d131d3222fbedebb7dda33 77.59MB / 143.68MB 6.2s
#7 sha256:40adfc04002164e831afd68d878fa3bbe3cc04f413d131d3222fbedebb7dda33 91.23MB / 143.68MB 6.8s
#7 sha256:40adfc04002164e831afd68d878fa3bbe3cc04f413d131d3222fbedebb7dda33 102.76MB / 143.68MB 7.3s
#7 sha256:40adfc04002164e831afd68d878fa3bbe3cc04f413d131d3222fbedebb7dda33 112.09MB / 143.68MB 7.7s
#7 sha256:40adfc04002164e831afd68d878fa3bbe3cc04f413d131d3222fbedebb7dda33 126.59MB / 143.68MB 8.4s
#7 sha256:40adfc04002164e831afd68d878fa3bbe3cc04f413d131d3222fbedebb7dda33 143.68MB / 143.68MB 9.3s
#7 sha256:40adfc04002164e831afd68d878fa3bbe3cc04f413d131d3222fbedebb7dda33 143.68MB / 143.68MB 9.4s done
#7 extracting sha256:95f84e430918f56b2a3b21400c38155cc3747e29ae43bf89ec7bd1a2d206b818 5.3s
#7 extracting sha256:95f84e430918f56b2a3b21400c38155cc3747e29ae43bf89ec7bd1a2d206b818 10.4s
#7 extracting sha256:95f84e430918f56b2a3b21400c38155cc3747e29ae43bf89ec7bd1a2d206b818 15.6s
#7 extracting sha256:95f84e430918f56b2a3b21400c38155cc3747e29ae43bf89ec7bd1a2d206b818 20.7s
#7 extracting sha256:95f84e430918f56b2a3b21400c38155cc3747e29ae43bf89ec7bd1a2d206b818 32.0s
#7 extracting sha256:95f84e430918f56b2a3b21400c38155cc3747e29ae43bf89ec7bd1a2d206b818 38.3s
#7 extracting sha256:95f84e430918f56b2a3b21400c38155cc3747e29ae43bf89ec7bd1a2d206b818 38.7s done
#7 extracting sha256:40adfc04002164e831afd68d878fa3bbe3cc04f413d131d3222fbedebb7dda33
#7 extracting sha256:40adfc04002164e831afd68d878fa3bbe3cc04f413d131d3222fbedebb7dda33 5.0s
#7 extracting sha256:40adfc04002164e831afd68d878fa3bbe3cc04f413d131d3222fbedebb7dda33 10.0s
#7 extracting sha256:40adfc04002164e831afd68d878fa3bbe3cc04f413d131d3222fbedebb7dda33 15.9s
#7 extracting sha256:40adfc04002164e831afd68d878fa3bbe3cc04f413d131d3222fbedebb7dda33 20.9s
#7 extracting sha256:40adfc04002164e831afd68d878fa3bbe3cc04f413d131d3222fbedebb7dda33 26.1s
#7 extracting sha256:40adfc04002164e831afd68d878fa3bbe3cc04f413d131d3222fbedebb7dda33 31.4s
#7 extracting sha256:40adfc04002164e831afd68d878fa3bbe3cc04f413d131d3222fbedebb7dda33 36.6s
#7 extracting sha256:40adfc04002164e831afd68d878fa3bbe3cc04f413d131d3222fbedebb7dda33 41.9s
#7 extracting sha256:40adfc04002164e831afd68d878fa3bbe3cc04f413d131d3222fbedebb7dda33 47.1s
#7 extracting sha256:40adfc04002164e831afd68d878fa3bbe3cc04f413d131d3222fbedebb7dda33 50.6s done
#7 extracting sha256:201b23fdceb460806f1b4d37e8e1d0a03126441b8a0d1efe1ad54d2d05fce4d1 done
#7 extracting sha256:c7feaec1b5ae6c7e6e38638d964d4991ce35f3a13191880a163bdef3d12c7312
#7 extracting sha256:c7feaec1b5ae6c7e6e38638d964d4991ce35f3a13191880a163bdef3d12c7312 0.0s done
#7 DONE 97.9s

#10 [build  2/10] WORKDIR /app
#10 DONE 0.4s

#11 [build  3/10] COPY gradlew .
#11 DONE 0.3s

#12 [build  4/10] COPY gradle gradle
#12 DONE 0.4s

#13 [build  5/10] COPY build.gradle .
#13 DONE 0.4s

#14 [build  6/10] COPY settings.gradle .
#14 DONE 0.3s

#15 [build  7/10] COPY common-security common-security
#15 DONE 0.4s

#16 [build  8/10] COPY auth-service auth-service
#16 DONE 0.5s

#17 [build  9/10] RUN chmod +x gradlew
#17 DONE 1.3s

#18 [build 10/10] RUN ./gradlew :auth-service:build -x test --no-daemon
#18 1.482 Downloading https://services.gradle.org/distributions/gradle-8.5-bin.zip
#18 3.132 ............10%.............20%............30%.............40%.............50%............60%.............70%.............80%............90%.............100%
#18 12.43 
#18 12.43 Welcome to Gradle 8.5!
#18 12.43 
#18 12.43 Here are the highlights of this release:
#18 12.43  - Support for running on Java 21
#18 12.43  - Faster first use with Kotlin DSL
#18 12.43  - Improved error and warning messages
#18 12.43 
#18 12.43 For more details see https://docs.gradle.org/8.5/release-notes.html
#18 12.43 
#18 12.63 To honour the JVM settings for this build a single-use Daemon process will be forked. For more on this, please refer to https://docs.gradle.org/8.5/userguide/gradle_daemon.html#sec:disabling_the_daemon in the Gradle documentation.
#18 14.82 Daemon will be stopped at the end of the build 
#18 86.84 > Task :auth-service:checkKotlinGradlePluginConfigurationErrors
#18 114.6 > Task :common-security:compileJava
#18 126.5 > Task :auth-service:processResources
#18 126.5 > Task :common-security:processResources NO-SOURCE
#18 126.5 > Task :common-security:classes
#18 126.6 > Task :common-security:jar
#18 126.6 > Task :auth-service:check
#18 142.2 > Task :auth-service:kaptGenerateStubsKotlin
#18 148.9 > Task :auth-service:kaptKotlin
#18 160.2 > Task :auth-service:compileKotlin
#18 160.2 > Task :auth-service:compileJava NO-SOURCE
#18 160.2 > Task :auth-service:classes
#18 160.3 > Task :auth-service:resolveMainClassName
#18 162.4 > Task :auth-service:bootJar
#18 162.5 > Task :auth-service:jar
#18 162.5 > Task :auth-service:assemble
#18 162.5 > Task :auth-service:build
#18 162.6 
#18 162.6 Deprecated Gradle features were used in this build, making it incompatible with Gradle 9.0.
#18 162.6 
#18 162.6 You can use '--warning-mode all' to show the individual deprecation warnings and determine if they come from your own scripts or plugins.
#18 162.6 
#18 162.6 For more on this, please refer to https://docs.gradle.org/8.5/userguide/command_line_interface.html#sec:command_line_warnings in the Gradle documentation.
#18 162.6 
#18 162.6 BUILD SUCCESSFUL in 2m 41s
#18 162.6 10 actionable tasks: 10 executed
#18 DONE 163.9s

#19 [stage-1 2/3] WORKDIR /app
#19 CACHED

#20 [stage-1 3/3] COPY --from=build /app/auth-service/build/libs/*.jar app.jar
#20 DONE 0.5s

#21 exporting to image
#21 exporting layers
#21 exporting layers 0.4s done
#21 writing image sha256:5494b3354b5016afa78cb1d19aa02c2d18a524d7aa0bd16823a6f711c7816d3d
#21 writing image sha256:5494b3354b5016afa78cb1d19aa02c2d18a524d7aa0bd16823a6f711c7816d3d 0.0s done
#21 naming to docker.io/library/auth-service-auth-service 0.1s done
#21 DONE 0.7s

#22 resolving provenance for metadata file
#22 DONE 1.3s
 Image auth-service-auth-service Built 
 Container mysql-auth Creating 
 Container redis-auth Creating 
 Container mysql-auth Created 
 Container redis-auth Created 
 Container auth-service Creating 
 Container auth-service Created 
 Container redis-auth Starting 
 Container mysql-auth Starting 
 Container mysql-auth Started 
 Container redis-auth Started 
 Container auth-service Starting 
 Container auth-service Started 
